// Jest Snapshot v1, https://goo.gl/fbAQLP

exports[`Footer Component Should render correctly renders correctly 1`] = `
<footer>
  <small>
    Â© 2018 The Brewery  - Transport Refrigeration Sensors
  </small>
</footer>
`;
