// Jest Snapshot v1, https://goo.gl/fbAQLP

exports[`BeerList Component should render correctly renders correctly 1`] = `
ShallowWrapper {
  "length": 1,
  Symbol(enzyme.__root__): [Circular],
  Symbol(enzyme.__unrendered__): <BeerList
    beerList={
        Array [
            Object {
              "beerType": "Aler Beer",
              "containerId": 1,
              "id": 1,
              "tempRange": Array [
                3,
                5,
              ],
            },
          ]
    }
    temperatureType="FAHRENHEIT"
/>,
  Symbol(enzyme.__renderer__): Object {
    "batchedUpdates": [Function],
    "getNode": [Function],
    "render": [Function],
    "simulateEvent": [Function],
    "unmount": [Function],
  },
  Symbol(enzyme.__node__): Object {
    "instance": null,
    "key": undefined,
    "nodeType": "host",
    "props": Object {
      "children": Array [
        <BeerComponent
          beerContentDetail={
                    Object {
                              "beerType": "Aler Beer",
                              "containerId": 1,
                              "id": 1,
                              "tempRange": Array [
                                3,
                                5,
                              ],
                            }
          }
          temperatureType="FAHRENHEIT"
/>,
      ],
      "className": "row beerlistSection",
    },
    "ref": null,
    "rendered": Array [
      Object {
        "instance": null,
        "key": "1",
        "nodeType": "function",
        "props": Object {
          "beerContentDetail": Object {
            "beerType": "Aler Beer",
            "containerId": 1,
            "id": 1,
            "tempRange": Array [
              3,
              5,
            ],
          },
          "temperatureType": "FAHRENHEIT",
        },
        "ref": null,
        "rendered": null,
        "type": [Function],
      },
    ],
    "type": "div",
  },
  Symbol(enzyme.__nodes__): Array [
    Object {
      "instance": null,
      "key": undefined,
      "nodeType": "host",
      "props": Object {
        "children": Array [
          <BeerComponent
            beerContentDetail={
                        Object {
                                    "beerType": "Aler Beer",
                                    "containerId": 1,
                                    "id": 1,
                                    "tempRange": Array [
                                      3,
                                      5,
                                    ],
                                  }
            }
            temperatureType="FAHRENHEIT"
/>,
        ],
        "className": "row beerlistSection",
      },
      "ref": null,
      "rendered": Array [
        Object {
          "instance": null,
          "key": "1",
          "nodeType": "function",
          "props": Object {
            "beerContentDetail": Object {
              "beerType": "Aler Beer",
              "containerId": 1,
              "id": 1,
              "tempRange": Array [
                3,
                5,
              ],
            },
            "temperatureType": "FAHRENHEIT",
          },
          "ref": null,
          "rendered": null,
          "type": [Function],
        },
      ],
      "type": "div",
    },
  ],
  Symbol(enzyme.__options__): Object {
    "adapter": ReactSixteenAdapter {
      "options": Object {
        "enableComponentDidUpdateOnSetState": true,
      },
    },
  },
}
`;
