// Jest Snapshot v1, https://goo.gl/fbAQLP

exports[`Legends Component should render correctly renders correctly 1`] = `
ShallowWrapper {
  "length": 1,
  Symbol(enzyme.__root__): [Circular],
  Symbol(enzyme.__unrendered__): <Legends
    legendColorClass={
        Array [
            "blueBackground",
          ]
    }
    legendsValue={
        Array [
            "Too Low",
          ]
    }
/>,
  Symbol(enzyme.__renderer__): Object {
    "batchedUpdates": [Function],
    "getNode": [Function],
    "render": [Function],
    "simulateEvent": [Function],
    "unmount": [Function],
  },
  Symbol(enzyme.__node__): Object {
    "instance": null,
    "key": undefined,
    "nodeType": "host",
    "props": Object {
      "children": <div
        className="colorInfo"
>
        <span>
                <span
                        className="status-circle blueBackground"
                />
                <small>
                        <strong>
                                Too Low
                        </strong>
                </small>
        </span>
</div>,
      "className": "colorInfoWrapper",
    },
    "ref": null,
    "rendered": Object {
      "instance": null,
      "key": undefined,
      "nodeType": "host",
      "props": Object {
        "children": Array [
          <span>
            <span
                        className="status-circle blueBackground"
            />
            <small>
                        <strong>
                                    Too Low
                        </strong>
            </small>
</span>,
        ],
        "className": "colorInfo",
      },
      "ref": null,
      "rendered": Array [
        Object {
          "instance": null,
          "key": "0",
          "nodeType": "host",
          "props": Object {
            "children": Array [
              <span
                className="status-circle blueBackground"
/>,
              <small>
                <strong>
                                Too Low
                </strong>
</small>,
            ],
          },
          "ref": null,
          "rendered": Array [
            Object {
              "instance": null,
              "key": undefined,
              "nodeType": "host",
              "props": Object {
                "className": "status-circle blueBackground",
              },
              "ref": null,
              "rendered": null,
              "type": "span",
            },
            Object {
              "instance": null,
              "key": undefined,
              "nodeType": "host",
              "props": Object {
                "children": <strong>
                  Too Low
</strong>,
              },
              "ref": null,
              "rendered": Object {
                "instance": null,
                "key": undefined,
                "nodeType": "host",
                "props": Object {
                  "children": "Too Low",
                },
                "ref": null,
                "rendered": "Too Low",
                "type": "strong",
              },
              "type": "small",
            },
          ],
          "type": "span",
        },
      ],
      "type": "div",
    },
    "type": "div",
  },
  Symbol(enzyme.__nodes__): Array [
    Object {
      "instance": null,
      "key": undefined,
      "nodeType": "host",
      "props": Object {
        "children": <div
          className="colorInfo"
>
          <span>
                    <span
                              className="status-circle blueBackground"
                    />
                    <small>
                              <strong>
                                        Too Low
                              </strong>
                    </small>
          </span>
</div>,
        "className": "colorInfoWrapper",
      },
      "ref": null,
      "rendered": Object {
        "instance": null,
        "key": undefined,
        "nodeType": "host",
        "props": Object {
          "children": Array [
            <span>
              <span
                            className="status-circle blueBackground"
              />
              <small>
                            <strong>
                                          Too Low
                            </strong>
              </small>
</span>,
          ],
          "className": "colorInfo",
        },
        "ref": null,
        "rendered": Array [
          Object {
            "instance": null,
            "key": "0",
            "nodeType": "host",
            "props": Object {
              "children": Array [
                <span
                  className="status-circle blueBackground"
/>,
                <small>
                  <strong>
                                    Too Low
                  </strong>
</small>,
              ],
            },
            "ref": null,
            "rendered": Array [
              Object {
                "instance": null,
                "key": undefined,
                "nodeType": "host",
                "props": Object {
                  "className": "status-circle blueBackground",
                },
                "ref": null,
                "rendered": null,
                "type": "span",
              },
              Object {
                "instance": null,
                "key": undefined,
                "nodeType": "host",
                "props": Object {
                  "children": <strong>
                    Too Low
</strong>,
                },
                "ref": null,
                "rendered": Object {
                  "instance": null,
                  "key": undefined,
                  "nodeType": "host",
                  "props": Object {
                    "children": "Too Low",
                  },
                  "ref": null,
                  "rendered": "Too Low",
                  "type": "strong",
                },
                "type": "small",
              },
            ],
            "type": "span",
          },
        ],
        "type": "div",
      },
      "type": "div",
    },
  ],
  Symbol(enzyme.__options__): Object {
    "adapter": ReactSixteenAdapter {
      "options": Object {
        "enableComponentDidUpdateOnSetState": true,
      },
    },
  },
}
`;
